// Jest Snapshot v1, https://goo.gl/fbAQLP

exports[`<App /> renders correctly across screens 1`] = `null`;
